INFO: localdir at /scratch/1201619.mla_group_20
INFO: your job will run on local system.
/home/mla_group_20/miniconda3/envs/gu3/lib/python3.10/site-packages/torch/utils/data/dataloader.py:560: UserWarning: This DataLoader will create 4 worker processes in total. Our suggested max number of worker in current system is 1, which is smaller than what this DataLoader is going to create. Please be aware that excessive worker creation might get DataLoader running slow or even freeze, lower the worker number to avoid potential slowness/freeze if necessary.
  warnings.warn(_create_warning_msg(
Creating dataset
Creating model
Model Architecture:

Convolution Layers:
  Conv1d(1, 4, kernel_size=(5,), stride=(1,), padding=(2,))
  SiLU()
  Conv1d(4, 16, kernel_size=(5,), stride=(1,), padding=(2,))
  SiLU()
  Conv1d(16, 384, kernel_size=(19,), stride=(5,), padding=(9,))
  SiLU()
Encoder Layers:
  BonitoLSTM(
  (rnn): LSTM(384, 384)
)
  BonitoLSTM(
  (rnn): LSTM(384, 384)
)
  BonitoLSTM(
  (rnn): LSTM(384, 384)
)
  BonitoLSTM(
  (rnn): LSTM(384, 384)
)
  BonitoLSTM(
  (rnn): LSTM(384, 384)
)
Decoder Layers:
  BonitoLinearCRFDecoder(
  (linear): Linear(in_features=384, out_features=1024, bias=True)
  (activation): Tanh()
)

--- Model Summary ---
Total Parameters: 6425320
Trainable Parameters: 6425320

Additional Information:
Device: cuda:0
Input/Output shapes for each layer may vary based on input data.
Total Number of Layers: 3

--- End of Architecture ---
Creating optimization
Creating outputs
Training
epoch 0
/home/mla_group_20/miniconda3/envs/gu3/lib/python3.10/site-packages/torch/utils/data/dataloader.py:560: UserWarning: This DataLoader will create 4 worker processes in total. Our suggested max number of worker in current system is 1, which is smaller than what this DataLoader is going to create. Please be aware that excessive worker creation might get DataLoader running slow or even freeze, lower the worker number to avoid potential slowness/freeze if necessary.
  warnings.warn(_create_warning_msg(
  epoch step  time  ...  metric.accuracy.val        lr  checkpoint
0     0   80    19  ...                  0.0  0.000016          no

[1 rows x 11 columns]
  epoch step  time  ...  metric.accuracy.val        lr  checkpoint
0     0  160    16  ...                  0.0  0.000032          no

[1 rows x 11 columns]
  epoch step  time  ...  metric.accuracy.val        lr  checkpoint
0     0  240    15  ...                  0.0  0.000048          no

[1 rows x 11 columns]
  epoch step  time  ...  metric.accuracy.val        lr  checkpoint
0     0  320    15  ...                  0.0  0.000064          no

[1 rows x 11 columns]
  epoch step  time  ...  metric.accuracy.val       lr  checkpoint
0     0  400    15  ...                  0.0  0.00008          no

[1 rows x 11 columns]
  epoch step  time  ...  metric.accuracy.val        lr  checkpoint
0     0  480    15  ...                  0.0  0.000096          no

[1 rows x 11 columns]
  epoch step  time  ...  metric.accuracy.val        lr  checkpoint
0     0  560    15  ...                  0.0  0.000112          no

[1 rows x 11 columns]
  epoch step  time  ...  metric.accuracy.val        lr  checkpoint
0     0  640    15  ...                  0.0  0.000128          no

[1 rows x 11 columns]
  epoch step  time  ...  metric.accuracy.val        lr  checkpoint
0     0  720    15  ...                  0.0  0.000144          no

[1 rows x 11 columns]
  epoch step  time  ...  metric.accuracy.val       lr  checkpoint
0     0  800    15  ...                  0.0  0.00016          no

[1 rows x 11 columns]
  epoch step  time  ...  metric.accuracy.val        lr  checkpoint
0     0  880    15  ...             0.090732  0.000176          no

[1 rows x 11 columns]
  epoch step  time  ...  metric.accuracy.val        lr  checkpoint
0     0  960    15  ...             0.215323  0.000192          no

[1 rows x 11 columns]
  epoch  step  time  ...  metric.accuracy.val        lr  checkpoint
0     0  1040    15  ...             0.467871  0.000208          no

[1 rows x 11 columns]
  epoch  step  time  ...  metric.accuracy.val        lr  checkpoint
0     0  1120    15  ...             0.608957  0.000224          no

[1 rows x 11 columns]
  epoch  step  time  ...  metric.accuracy.val       lr  checkpoint
0     0  1200    15  ...             0.654017  0.00024          no

[1 rows x 11 columns]
  epoch  step  time  ...  metric.accuracy.val        lr  checkpoint
0     0  1280    15  ...              0.70923  0.000256          no

[1 rows x 11 columns]
  epoch  step  time  ...  metric.accuracy.val        lr  checkpoint
0     0  1360    15  ...             0.739226  0.000272          no

[1 rows x 11 columns]
  epoch  step  time  ...  metric.accuracy.val        lr  checkpoint
0     0  1440    15  ...             0.750941  0.000288          no

[1 rows x 11 columns]
  epoch  step  time  ...  metric.accuracy.val        lr  checkpoint
0     0  1520    15  ...             0.798368  0.000304          no

[1 rows x 11 columns]
  epoch  step  time  ...  metric.accuracy.val       lr  checkpoint
0     0  1600    15  ...             0.808314  0.00032          no

[1 rows x 11 columns]
  epoch  step  time  ...  metric.accuracy.val        lr  checkpoint
0     0  1680    15  ...             0.821209  0.000336          no

[1 rows x 11 columns]
  epoch  step  time  ...  metric.accuracy.val        lr  checkpoint
0     0  1760    15  ...             0.821287  0.000352          no

[1 rows x 11 columns]
  epoch  step  time  ...  metric.accuracy.val        lr  checkpoint
0     0  1840    15  ...             0.832184  0.000368          no

[1 rows x 11 columns]
epoch 1
/home/mla_group_20/miniconda3/envs/gu3/lib/python3.10/site-packages/torch/utils/data/dataloader.py:560: UserWarning: This DataLoader will create 4 worker processes in total. Our suggested max number of worker in current system is 1, which is smaller than what this DataLoader is going to create. Please be aware that excessive worker creation might get DataLoader running slow or even freeze, lower the worker number to avoid potential slowness/freeze if necessary.
  warnings.warn(_create_warning_msg(
  epoch  step  time  ...  metric.accuracy.val        lr  checkpoint
0     1  1920     8  ...             0.825987  0.000384          no

[1 rows x 11 columns]
  epoch  step  time  ...  metric.accuracy.val      lr  checkpoint
0     1  2000    15  ...             0.816003  0.0004          no

[1 rows x 11 columns]
  epoch  step  time  ...  metric.accuracy.val        lr  checkpoint
0     1  2080    15  ...             0.804272  0.000416          no

[1 rows x 11 columns]
  epoch  step  time  ...  metric.accuracy.val        lr  checkpoint
0     1  2160    15  ...              0.82213  0.000432          no

[1 rows x 11 columns]
  epoch  step  time  ...  metric.accuracy.val        lr  checkpoint
0     1  2240    15  ...             0.833528  0.000448          no

[1 rows x 11 columns]
  epoch  step  time  ...  metric.accuracy.val        lr  checkpoint
0     1  2320    15  ...             0.820544  0.000464          no

[1 rows x 11 columns]
  epoch  step  time  ...  metric.accuracy.val       lr  checkpoint
0     1  2400    15  ...             0.838449  0.00048          no

[1 rows x 11 columns]
  epoch  step  time  ...  metric.accuracy.val        lr  checkpoint
0     1  2480    15  ...             0.835815  0.000496          no

[1 rows x 11 columns]
  epoch  step  time  ...  metric.accuracy.val        lr  checkpoint
0     1  2560    15  ...             0.835071  0.000512          no

[1 rows x 11 columns]
  epoch  step  time  ...  metric.accuracy.val        lr  checkpoint
0     1  2640    15  ...             0.827431  0.000528          no

[1 rows x 11 columns]
  epoch  step  time  ...  metric.accuracy.val        lr  checkpoint
0     1  2720    15  ...             0.835983  0.000544          no

[1 rows x 11 columns]
  epoch  step  time  ...  metric.accuracy.val       lr  checkpoint
0     1  2800    15  ...             0.829329  0.00056          no

[1 rows x 11 columns]
  epoch  step  time  ...  metric.accuracy.val        lr  checkpoint
0     1  2880    15  ...             0.844438  0.000576          no

[1 rows x 11 columns]
  epoch  step  time  ...  metric.accuracy.val        lr  checkpoint
0     1  2960    15  ...             0.858346  0.000592          no

[1 rows x 11 columns]
  epoch  step  time  ...  metric.accuracy.val        lr  checkpoint
0     1  3040    15  ...             0.827207  0.000608          no

[1 rows x 11 columns]
  epoch  step  time  ...  metric.accuracy.val        lr  checkpoint
0     1  3120    15  ...             0.859674  0.000624          no

[1 rows x 11 columns]
  epoch  step  time  ...  metric.accuracy.val       lr  checkpoint
0     1  3200    15  ...             0.844422  0.00064          no

[1 rows x 11 columns]
  epoch  step  time  ...  metric.accuracy.val        lr  checkpoint
0     1  3280    15  ...             0.848831  0.000656          no

[1 rows x 11 columns]
  epoch  step  time  ...  metric.accuracy.val        lr  checkpoint
0     1  3360    15  ...             0.870726  0.000672          no

[1 rows x 11 columns]
  epoch  step  time  ...  metric.accuracy.val        lr  checkpoint
0     1  3440    15  ...             0.860739  0.000688          no

[1 rows x 11 columns]
  epoch  step  time  ...  metric.accuracy.val        lr  checkpoint
0     1  3520    15  ...             0.846129  0.000704          no

[1 rows x 11 columns]
  epoch  step  time  ...  metric.accuracy.val       lr  checkpoint
0     1  3600    15  ...             0.860874  0.00072          no

[1 rows x 11 columns]
  epoch  step  time  ...  metric.accuracy.val        lr  checkpoint
0     1  3680    15  ...             0.874364  0.000736          no

[1 rows x 11 columns]
  epoch  step  time  ...  metric.accuracy.val        lr  checkpoint
0     1  3760    15  ...             0.872662  0.000752          no

[1 rows x 11 columns]
epoch 2
/home/mla_group_20/miniconda3/envs/gu3/lib/python3.10/site-packages/torch/utils/data/dataloader.py:560: UserWarning: This DataLoader will create 4 worker processes in total. Our suggested max number of worker in current system is 1, which is smaller than what this DataLoader is going to create. Please be aware that excessive worker creation might get DataLoader running slow or even freeze, lower the worker number to avoid potential slowness/freeze if necessary.
  warnings.warn(_create_warning_msg(
  epoch  step  time  ...  metric.accuracy.val        lr  checkpoint
0     2  3840    16  ...             0.873909  0.000768          no

[1 rows x 11 columns]
  epoch  step  time  ...  metric.accuracy.val        lr  checkpoint
0     2  3920    15  ...             0.862169  0.000784          no

[1 rows x 11 columns]
  epoch  step  time  ...  metric.accuracy.val      lr  checkpoint
0     2  4000    15  ...             0.860433  0.0008          no

[1 rows x 11 columns]
  epoch  step  time  ...  metric.accuracy.val        lr  checkpoint
0     2  4080    15  ...             0.868955  0.000816          no

[1 rows x 11 columns]
  epoch  step  time  ...  metric.accuracy.val        lr  checkpoint
0     2  4160    15  ...             0.873619  0.000832          no

[1 rows x 11 columns]
  epoch  step  time  ...  metric.accuracy.val        lr  checkpoint
0     2  4240    15  ...              0.86889  0.000848          no

[1 rows x 11 columns]
  epoch  step  time  ...  metric.accuracy.val        lr  checkpoint
0     2  4320    15  ...             0.861791  0.000864          no

[1 rows x 11 columns]
  epoch  step  time  ...  metric.accuracy.val       lr  checkpoint
0     2  4400    15  ...             0.877198  0.00088          no

[1 rows x 11 columns]
  epoch  step  time  ...  metric.accuracy.val        lr  checkpoint
0     2  4480    15  ...             0.870012  0.000896          no

[1 rows x 11 columns]
  epoch  step  time  ...  metric.accuracy.val        lr  checkpoint
0     2  4560    15  ...             0.866827  0.000912          no

[1 rows x 11 columns]
  epoch  step  time  ...  metric.accuracy.val        lr  checkpoint
0     2  4640    15  ...             0.864588  0.000928          no

[1 rows x 11 columns]
  epoch  step  time  ...  metric.accuracy.val        lr  checkpoint
0     2  4720    15  ...             0.863839  0.000944          no

[1 rows x 11 columns]
  epoch  step  time  ...  metric.accuracy.val       lr  checkpoint
0     2  4800    15  ...             0.861638  0.00096          no

[1 rows x 11 columns]
  epoch  step  time  ...  metric.accuracy.val        lr  checkpoint
0     2  4880    15  ...             0.880395  0.000976          no

[1 rows x 11 columns]
  epoch  step  time  ...  metric.accuracy.val        lr  checkpoint
0     2  4960    15  ...              0.85169  0.000992          no

[1 rows x 11 columns]
  epoch  step  time  ...  metric.accuracy.val     lr  checkpoint
0     2  5040    15  ...             0.873386  0.001          no

[1 rows x 11 columns]
  epoch  step  time  ...  metric.accuracy.val     lr  checkpoint
0     2  5120    15  ...             0.869014  0.001          no

[1 rows x 11 columns]
  epoch  step  time  ...  metric.accuracy.val        lr  checkpoint
0     2  5200    15  ...             0.863493  0.000999          no

[1 rows x 11 columns]
  epoch  step  time  ...  metric.accuracy.val        lr  checkpoint
0     2  5280    15  ...             0.884022  0.000998          no

[1 rows x 11 columns]
  epoch  step  time  ...  metric.accuracy.val        lr  checkpoint
0     2  5360    15  ...             0.884529  0.000996          no

[1 rows x 11 columns]
  epoch  step  time  ...  metric.accuracy.val        lr  checkpoint
0     2  5440    15  ...             0.882059  0.000995          no

[1 rows x 11 columns]
  epoch  step  time  ...  metric.accuracy.val        lr  checkpoint
0     2  5520    15  ...               0.8949  0.000993          no

[1 rows x 11 columns]
  epoch  step  time  ...  metric.accuracy.val       lr  checkpoint
0     2  5600    15  ...             0.882727  0.00099          no

[1 rows x 11 columns]
epoch 3
/home/mla_group_20/miniconda3/envs/gu3/lib/python3.10/site-packages/torch/utils/data/dataloader.py:560: UserWarning: This DataLoader will create 4 worker processes in total. Our suggested max number of worker in current system is 1, which is smaller than what this DataLoader is going to create. Please be aware that excessive worker creation might get DataLoader running slow or even freeze, lower the worker number to avoid potential slowness/freeze if necessary.
  warnings.warn(_create_warning_msg(
  epoch  step  time  ...  metric.accuracy.val        lr  checkpoint
0     3  5680     8  ...             0.885287  0.000987          no

[1 rows x 11 columns]
  epoch  step  time  ...  metric.accuracy.val        lr  checkpoint
0     3  5760    15  ...             0.880916  0.000984          no

[1 rows x 11 columns]
  epoch  step  time  ...  metric.accuracy.val        lr  checkpoint
0     3  5840    15  ...             0.863888  0.000981          no

[1 rows x 11 columns]
  epoch  step  time  ...  metric.accuracy.val        lr  checkpoint
0     3  5920    15  ...             0.884965  0.000977          no

[1 rows x 11 columns]
  epoch  step  time  ...  metric.accuracy.val        lr  checkpoint
0     3  6000    15  ...             0.884245  0.000973          no

[1 rows x 11 columns]
  epoch  step  time  ...  metric.accuracy.val        lr  checkpoint
0     3  6080    15  ...             0.873103  0.000968          no

[1 rows x 11 columns]
  epoch  step  time  ...  metric.accuracy.val        lr  checkpoint
0     3  6160    15  ...             0.887118  0.000963          no

[1 rows x 11 columns]
  epoch  step  time  ...  metric.accuracy.val        lr  checkpoint
0     3  6240    15  ...             0.884913  0.000958          no

[1 rows x 11 columns]
  epoch  step  time  ...  metric.accuracy.val        lr  checkpoint
0     3  6320    15  ...             0.878488  0.000953          no

[1 rows x 11 columns]
  epoch  step  time  ...  metric.accuracy.val        lr  checkpoint
0     3  6400    15  ...             0.883406  0.000947          no

[1 rows x 11 columns]
  epoch  step  time  ...  metric.accuracy.val        lr  checkpoint
0     3  6480    15  ...             0.890929  0.000941          no

[1 rows x 11 columns]
  epoch  step  time  ...  metric.accuracy.val        lr  checkpoint
0     3  6560    15  ...             0.885955  0.000934          no

[1 rows x 11 columns]
  epoch  step  time  ...  metric.accuracy.val        lr  checkpoint
0     3  6640    15  ...             0.877184  0.000928          no

[1 rows x 11 columns]
  epoch  step  time  ...  metric.accuracy.val        lr  checkpoint
0     3  6720    15  ...             0.893651  0.000921          no

[1 rows x 11 columns]
  epoch  step  time  ...  metric.accuracy.val        lr  checkpoint
0     3  6800    15  ...             0.869235  0.000913          no

[1 rows x 11 columns]
  epoch  step  time  ...  metric.accuracy.val        lr  checkpoint
0     3  6880    15  ...             0.897061  0.000906          no

[1 rows x 11 columns]
  epoch  step  time  ...  metric.accuracy.val        lr  checkpoint
0     3  6960    15  ...             0.889744  0.000898          no

[1 rows x 11 columns]
  epoch  step  time  ...  metric.accuracy.val       lr  checkpoint
0     3  7040    15  ...             0.888951  0.00089          no

[1 rows x 11 columns]
  epoch  step  time  ...  metric.accuracy.val        lr  checkpoint
0     3  7120    15  ...             0.896899  0.000881          no

[1 rows x 11 columns]
  epoch  step  time  ...  metric.accuracy.val        lr  checkpoint
0     3  7200    15  ...             0.880982  0.000872          no

[1 rows x 11 columns]
  epoch  step  time  ...  metric.accuracy.val        lr  checkpoint
0     3  7280    15  ...             0.886271  0.000863          no

[1 rows x 11 columns]
  epoch  step  time  ...  metric.accuracy.val        lr  checkpoint
0     3  7360    15  ...             0.897373  0.000854          no

[1 rows x 11 columns]
  epoch  step  time  ...  metric.accuracy.val        lr  checkpoint
0     3  7440    15  ...             0.895639  0.000845          no

[1 rows x 11 columns]
  epoch  step  time  ...  metric.accuracy.val        lr  checkpoint
0     3  7520    15  ...              0.90542  0.000835          no

[1 rows x 11 columns]
epoch 4
  epoch  step  time  ...  metric.accuracy.val        lr  checkpoint
0     4  7600    16  ...             0.894321  0.000825          no

[1 rows x 11 columns]
  epoch  step  time  ...  metric.accuracy.val        lr  checkpoint
0     4  7680    15  ...             0.889615  0.000815          no

[1 rows x 11 columns]
  epoch  step  time  ...  metric.accuracy.val        lr  checkpoint
0     4  7760    15  ...             0.880941  0.000804          no

[1 rows x 11 columns]
  epoch  step  time  ...  metric.accuracy.val        lr  checkpoint
0     4  7840    15  ...             0.893822  0.000794          no

[1 rows x 11 columns]
  epoch  step  time  ...  metric.accuracy.val        lr  checkpoint
0     4  7920    15  ...             0.888164  0.000783          no

[1 rows x 11 columns]
  epoch  step  time  ...  metric.accuracy.val        lr  checkpoint
0     4  8000    15  ...             0.890513  0.000772          no

[1 rows x 11 columns]
  epoch  step  time  ...  metric.accuracy.val       lr  checkpoint
0     4  8080    15  ...             0.888851  0.00076          no

[1 rows x 11 columns]
  epoch  step  time  ...  metric.accuracy.val        lr  checkpoint
0     4  8160    15  ...             0.897015  0.000749          no

[1 rows x 11 columns]
  epoch  step  time  ...  metric.accuracy.val        lr  checkpoint
0     4  8240    15  ...             0.885597  0.000737          no

[1 rows x 11 columns]
  epoch  step  time  ...  metric.accuracy.val        lr  checkpoint
0     4  8320    15  ...             0.888677  0.000726          no

[1 rows x 11 columns]
  epoch  step  time  ...  metric.accuracy.val        lr  checkpoint
0     4  8400    15  ...              0.89598  0.000714          no

[1 rows x 11 columns]
  epoch  step  time  ...  metric.accuracy.val        lr  checkpoint
0     4  8480    15  ...             0.890982  0.000702          no

[1 rows x 11 columns]
  epoch  step  time  ...  metric.accuracy.val        lr  checkpoint
0     4  8560    15  ...             0.887091  0.000689          no

[1 rows x 11 columns]
  epoch  step  time  ...  metric.accuracy.val        lr  checkpoint
0     4  8640    15  ...              0.90064  0.000677          no

[1 rows x 11 columns]
  epoch  step  time  ...  metric.accuracy.val        lr  checkpoint
0     4  8720    15  ...             0.873572  0.000665          no

[1 rows x 11 columns]
  epoch  step  time  ...  metric.accuracy.val        lr  checkpoint
0     4  8800    15  ...             0.891756  0.000652          no

[1 rows x 11 columns]
  epoch  step  time  ...  metric.accuracy.val        lr  checkpoint
0     4  8880    15  ...              0.88966  0.000639          no

[1 rows x 11 columns]
  epoch  step  time  ...  metric.accuracy.val        lr  checkpoint
0     4  8960    15  ...             0.890362  0.000626          no

[1 rows x 11 columns]
  epoch  step  time  ...  metric.accuracy.val        lr  checkpoint
0     4  9040    15  ...             0.895898  0.000614          no

[1 rows x 11 columns]
  epoch  step  time  ...  metric.accuracy.val        lr  checkpoint
0     4  9120    15  ...             0.902431  0.000601          no

[1 rows x 11 columns]
  epoch  step  time  ...  metric.accuracy.val        lr  checkpoint
0     4  9200    15  ...              0.89957  0.000588          no

[1 rows x 11 columns]
  epoch  step  time  ...  metric.accuracy.val        lr  checkpoint
0     4  9280    15  ...             0.911115  0.000575          no

[1 rows x 11 columns]
  epoch  step  time  ...  metric.accuracy.val        lr  checkpoint
0     4  9360    15  ...             0.902203  0.000561          no

[1 rows x 11 columns]
