epoch,step,time,loss.global.train,loss.global.val,loss.crf.train,loss.crf.val,metric.accuracy.train,metric.accuracy.val,lr,checkpoint
0,80,5,2.509126257292832,1.6788387298583984,2.509126257292832,1.6788387298583984,0.5546042384106282,0.4941204529536739,1.58e-05,no
0,160,5,1.55167286247015,1.4250824451446533,1.55167286247015,1.4250824451446533,0.4565423753679964,0.4109669131369249,3.18e-05,no
0,240,5,1.3656962424516679,1.2920536994934082,1.3656962424516679,1.2920536994934082,0.49414116801251107,0.46551203008506903,4.78e-05,no
0,320,5,1.2880963310599327,1.250535011291504,1.2880963310599327,1.250535011291504,0.4895654986956849,0.48204154189817733,6.379999999999999e-05,no
0,400,5,1.198059858381748,1.0734959840774536,1.198059858381748,1.0734959840774536,0.5306497407388846,0.5504157820110562,7.98e-05,no
0,480,5,1.088479694724083,0.9208501577377319,1.088479694724083,0.9208501577377319,0.6162443417421386,0.5910132671575052,9.58e-05,no
0,560,5,1.0031646221876145,0.8596392273902893,1.0031646221876145,0.8596392273902893,0.5730975609218134,0.6246963376741703,0.0001118,no
0,640,5,0.9160660959780216,0.7043566703796387,0.9160660959780216,0.7043566703796387,0.6517303231218664,0.6817472491039426,0.0001278,no
0,720,5,0.7964619755744934,0.6852691769599915,0.7964619755744934,0.6852691769599915,0.7088519734901166,0.6968690485372347,0.00014380000000000003,no
0,800,5,0.7688044860959053,0.6477223634719849,0.7688044860959053,0.6477223634719849,0.7294777515080613,0.7177642140471269,0.0001598,no
0,880,5,0.720591276884079,0.5827357172966003,0.720591276884079,0.5827357172966003,0.6817308575274188,0.7279875010736507,0.00017580000000000002,no
0,960,5,0.7108098812401294,0.5949423313140869,0.7108098812401294,0.5949423313140869,0.7314473600886682,0.7372213395022689,0.0001918,no
0,1040,5,0.6500567011535168,0.6073821783065796,0.6500567011535168,0.6073821783065796,0.6677923721651431,0.7369989408866717,0.0002078,no
0,1120,5,0.6072772298008203,0.5005837678909302,0.6072772298008203,0.5005837678909302,0.7372318490544356,0.7648213254814414,0.0002238,no
0,1200,5,0.6691585641354323,0.5723459720611572,0.6691585641354323,0.5723459720611572,0.7407530267463599,0.763621803682723,0.00023980000000000003,no
0,1280,5,0.5949177525937557,0.5033312439918518,0.5949177525937557,0.5033312439918518,0.7319352422638046,0.7715619128125972,0.00025580000000000004,no
0,1360,5,0.5593388721346855,0.49499964714050293,0.5593388721346855,0.49499964714050293,0.7866684520713427,0.7723182291377912,0.0002718,no
0,1440,5,0.5173988863825798,0.48828747868537903,0.5173988863825798,0.48828747868537903,0.7526016531643368,0.772772380014612,0.0002878,no
0,1520,5,0.6118007477372884,0.4178265333175659,0.6118007477372884,0.4178265333175659,0.7821988582061586,0.8097090569582402,0.0003038,no
0,1600,5,0.5555587343871593,0.4181264042854309,0.5555587343871593,0.4181264042854309,0.8038212503229092,0.799171497311667,0.00031979999999999997,no
0,1680,5,0.6314528621733189,0.44665196537971497,0.6314528621733189,0.44665196537971497,0.7561332398594346,0.7988186263635587,0.0003358,no
0,1760,5,0.5865791391581296,0.39836111664772034,0.5865791391581296,0.39836111664772034,0.7934488356198381,0.8133531638784683,0.0003518,no
0,1840,5,0.4507021866738796,0.4055449068546295,0.4507021866738796,0.4055449068546295,0.7827579985767659,0.8188440997129982,0.00036780000000000005,no
1,1920,2,0.49238287582993506,0.4396476745605469,0.49238287582993506,0.4396476745605469,0.7816060440072296,0.7966085172008441,0.0003838,no
1,2000,5,0.5796844456344843,0.43523526191711426,0.5796844456344843,0.43523526191711426,0.7849116356148189,0.8045792889682869,0.0003998,no
1,2080,5,0.5099339269101619,0.436979740858078,0.5099339269101619,0.436979740858078,0.7699686646618595,0.8017455124328827,0.0004158,no
1,2160,5,0.5647072233259678,0.4379320740699768,0.5647072233259678,0.4379320740699768,0.8428564637795553,0.8031216693488891,0.00043180000000000003,no
1,2240,5,0.5348349422216415,0.428123414516449,0.5348349422216415,0.428123414516449,0.7807753761971045,0.8080620219971408,0.0004478,no
1,2320,5,0.6728900648653507,0.4128205478191376,0.6728900648653507,0.4128205478191376,0.7713227567136433,0.8040830571645372,0.0004638,no
1,2400,5,0.545871962979436,0.40224379301071167,0.545871962979436,0.40224379301071167,0.8008345525410911,0.810437837426758,0.0004798,no
1,2480,5,0.6530607353895903,0.42582714557647705,0.6530607353895903,0.42582714557647705,0.7784019256788911,0.7988377626580929,0.0004958,no
1,2560,5,0.4720948051661253,0.40439867973327637,0.4720948051661253,0.40439867973327637,0.7808425566603172,0.8024757918804037,0.0005118000000000001,no
1,2640,5,0.5289785858243704,0.4461783170700073,0.5289785858243704,0.4461783170700073,0.8240104753597024,0.7959534611951798,0.0005278,no
1,2720,5,0.5629394754767418,0.43586498498916626,0.5629394754767418,0.43586498498916626,0.7646936706605966,0.8021741397840656,0.0005438,no
1,2800,5,0.5641003955155611,0.43875688314437866,0.5641003955155611,0.43875688314437866,0.8118051473714575,0.8064874252651102,0.0005598,no
1,2880,5,0.46218905299901963,0.47685179114341736,0.46218905299901963,0.47685179114341736,0.7921501068860749,0.7833080582942928,0.0005758,no
1,2960,5,0.5426926374435425,0.3681054711341858,0.5426926374435425,0.3681054711341858,0.792543957671981,0.819204355556328,0.0005918,no
1,3040,5,0.4667282111942768,0.4667353928089142,0.4667282111942768,0.4667353928089142,0.7947830538264433,0.79788512979983,0.0006078,no
1,3120,5,0.5245357688516379,0.3662910461425781,0.5245357688516379,0.3662910461425781,0.8183500466848201,0.831182712937824,0.0006238,no
1,3200,5,0.47451188415288925,0.4132617115974426,0.47451188415288925,0.4132617115974426,0.8117731257521357,0.7960020728071908,0.0006398,no
1,3280,5,0.4295130357146263,0.38200268149375916,0.4295130357146263,0.38200268149375916,0.8269655496744375,0.8129171161663238,0.0006558000000000001,no
1,3360,5,0.4990138832479715,0.35062506794929504,0.4990138832479715,0.35062506794929504,0.805146095782119,0.8308203498271594,0.0006718,no
1,3440,5,0.48368888087570666,0.3972201347351074,0.48368888087570666,0.3972201347351074,0.7434919147895582,0.8230886941870057,0.0006878,no
1,3520,5,0.5460899464786053,0.36350351572036743,0.5460899464786053,0.36350351572036743,0.780836366731817,0.8250815828423245,0.0007038,no
1,3600,5,0.5184278346598148,0.40700313448905945,0.5184278346598148,0.40700313448905945,0.7626677478668333,0.8279736075746454,0.0007198,no
1,3680,5,0.43591681830585005,0.33247894048690796,0.43591681830585005,0.33247894048690796,0.848061032789835,0.8356982657803165,0.0007358,no
1,3760,5,0.43763312622904776,0.352955162525177,0.43763312622904776,0.352955162525177,0.8001013896720195,0.8349080104257351,0.0007518000000000001,no
2,3840,5,0.5038319695740938,0.38312244415283203,0.5038319695740938,0.38312244415283203,0.7982446328448389,0.8252641066727879,0.0007678,no
2,3920,5,0.46422259174287317,0.3991377651691437,0.46422259174287317,0.3991377651691437,0.8025336567962766,0.8106285905121762,0.0007838000000000001,no
2,4000,5,0.5171398803591728,0.395977258682251,0.5171398803591728,0.395977258682251,0.7498806826513953,0.8074484171332856,0.0007997999999999999,no
2,4080,5,0.45170681476593016,0.4236665666103363,0.45170681476593016,0.4236665666103363,0.7947726528740372,0.8165070470436206,0.0008158,no
2,4160,5,0.5781373493373394,0.43310341238975525,0.5781373493373394,0.43310341238975525,0.7233181544965448,0.8253957316985796,0.0008318,no
2,4240,5,0.5524840358644724,0.3656500577926636,0.5524840358644724,0.3656500577926636,0.8170182023704085,0.8232299815680378,0.0008478,no
2,4320,5,0.5589079245924949,0.4168761968612671,0.5589079245924949,0.4168761968612671,0.671696536156489,0.8084645648117303,0.0008638000000000001,no
2,4400,5,0.5364505115896463,0.35982486605644226,0.5364505115896463,0.35982486605644226,0.7912216618004483,0.8280988135591698,0.0008798,no
2,4480,5,0.47798140458762645,0.36345523595809937,0.47798140458762645,0.36345523595809937,0.8383298852488918,0.8302971265088979,0.0008958000000000001,no
2,4560,5,0.5067783329635859,0.43258148431777954,0.5067783329635859,0.43258148431777954,0.8214755410609474,0.8105053237033079,0.0009118,no
2,4640,5,0.4928027577698231,0.3703974783420563,0.4928027577698231,0.3703974783420563,0.7593421867003181,0.8204358367964948,0.0009278,no
2,4720,5,0.5031182512640953,0.4029250741004944,0.5031182512640953,0.4029250741004944,0.7918747798035128,0.8159928123230229,0.0009438,no
2,4800,5,0.4579597357660532,0.4172697067260742,0.4579597357660532,0.4172697067260742,0.7136447785671698,0.813504868224796,0.0009598,no
2,4880,5,0.4322760280221701,0.36690637469291687,0.4322760280221701,0.36690637469291687,0.7901563293549398,0.8123757086659538,0.0009758,no
2,4960,5,0.5167412020266056,0.43230563402175903,0.5167412020266056,0.43230563402175903,0.780844441016422,0.8106096124868867,0.0009918,no
2,5040,5,0.4567501530051231,0.3634300231933594,0.4567501530051231,0.3634300231933594,0.784558814386605,0.8172540548734455,0.000999979630614891,no
2,5120,5,0.43337934724986554,0.3790760636329651,0.43337934724986554,0.3790760636329651,0.8321501951629016,0.8185155198219634,0.0009998035966018969,no
2,5200,5,0.39819264262914655,0.3789612352848053,0.39819264262914655,0.3789612352848053,0.7993950339147432,0.8171398557464749,0.000999447078832448,no
2,5280,5,0.4969540350139141,0.33691924810409546,0.4969540350139141,0.33691924810409546,0.8161192038913125,0.8443984227304341,0.000998910207349387,no
2,5360,5,0.4505850192159414,0.33598577976226807,0.4505850192159414,0.33598577976226807,0.8262789833539961,0.8380277739236861,0.000998193177981084,no
2,5440,5,0.5282188795506955,0.38095730543136597,0.5282188795506955,0.38095730543136597,0.7732213217590602,0.8317269965512802,0.0009972962522700082,no
2,5520,5,0.4840954508632421,0.3160858154296875,0.4840954508632421,0.3160858154296875,0.8344594583826268,0.8509692439665308,0.0009962197573773245,no
2,5600,5,0.364900254458189,0.33030325174331665,0.364900254458189,0.33030325174331665,0.8229413840110489,0.8508926907561973,0.0009949640859635623,no
3,5680,2,0.4076403062790632,0.35716766119003296,0.4076403062790632,0.35716766119003296,0.8060291015261649,0.8387445265010758,0.0009935296960453886,no
3,5760,5,0.5003617208451032,0.36576807498931885,0.5003617208451032,0.36576807498931885,0.8187727461900209,0.834179336859378,0.0009919171108285405,no
3,5840,5,0.43596888035535813,0.3664051294326782,0.43596888035535813,0.3664051294326782,0.7845899367632574,0.8269172049346682,0.0009901269185169832,no
3,5920,5,0.49335896484553815,0.37453174591064453,0.49335896484553815,0.37453174591064453,0.8642494376682488,0.8262434650363878,0.0009881597720983561,no
3,6000,5,0.4601630292832851,0.355227530002594,0.4601630292832851,0.355227530002594,0.8069101536263383,0.8370515010291495,0.0009860163891057929,no
3,6080,5,0.6029898654669523,0.3457314372062683,0.6029898654669523,0.3457314372062683,0.8009951580891399,0.8382521137017493,0.0009836975513561916,no
3,6160,5,0.4841667369008064,0.3384358882904053,0.4841667369008064,0.3384358882904053,0.8290895877686508,0.8423982808882632,0.0009812041046650475,no
3,6240,5,0.5877685431391001,0.35860762000083923,0.5877685431391001,0.35860762000083923,0.8041075820402143,0.8295041168206667,0.000978536958537926,no
3,6320,5,0.41360452212393284,0.33845075964927673,0.41360452212393284,0.33845075964927673,0.8071817743206201,0.8353096181971873,0.0009756970858387202,no
3,6400,5,0.4703226864337921,0.3771217465400696,0.4703226864337921,0.3771217465400696,0.8566405819145706,0.8341302263247169,0.0009726855224347857,no
3,6480,5,0.5058761522173881,0.37247753143310547,0.5058761522173881,0.37247753143310547,0.7856616461922501,0.8282490375866131,0.0009695033668190969,no
3,6560,5,0.5069065120071172,0.3835446834564209,0.5069065120071172,0.3835446834564209,0.8290176544364775,0.8236034619243644,0.0009661517797095686,no
3,6640,5,0.4026195418089628,0.4153224229812622,0.4026195418089628,0.4153224229812622,0.8132706433835177,0.8077169981351384,0.000962631983625673,no
3,6720,5,0.4820559911429882,0.3200876712799072,0.4820559911429882,0.3200876712799072,0.8371627615890045,0.8402071908754315,0.0009589452624425143,no
3,6800,5,0.41353676542639733,0.4178560972213745,0.41353676542639733,0.4178560972213745,0.8039987306157859,0.8144206322521258,0.0009550929609225249,no
3,6880,5,0.47092237062752246,0.3186473250389099,0.47092237062752246,0.3186473250389099,0.849158553268601,0.846336040125367,0.0009510764842249522,no
3,6960,5,0.42415431290864947,0.3635184168815613,0.42415431290864947,0.3635184168815613,0.8202127359759035,0.8214049887189138,0.0009468972973933145,no
3,7040,5,0.3815110459923744,0.3381516933441162,0.3815110459923744,0.3381516933441162,0.8434489540173974,0.8323746685697463,0.000942556924821015,no
3,7120,5,0.45000669471919535,0.3032013177871704,0.45000669471919535,0.3032013177871704,0.8272617583683944,0.8532012681452212,0.0009380569496953046,no
3,7200,5,0.43645033687353135,0.3475866913795471,0.43645033687353135,0.3475866913795471,0.7660546236974712,0.839811481205526,0.0009333990134198041,no
3,7280,5,0.4995584826916456,0.31221717596054077,0.4995584826916456,0.31221717596054077,0.8007514517427414,0.8552240069645021,0.0009285848150157859,no
3,7360,5,0.4716109812259674,0.3494458794593811,0.4716109812259674,0.3494458794593811,0.7862940077305338,0.8504912641884038,0.0009236161105024427,no
3,7440,5,0.39028044044971466,0.29907721281051636,0.39028044044971466,0.29907721281051636,0.8668691360543334,0.847278281289012,0.0009184947122563642,no
3,7520,5,0.39523652121424674,0.31005629897117615,0.39523652121424674,0.31005629897117615,0.8125491129010236,0.8553479993389058,0.0009132224883504592,no
4,7600,5,0.4614985782653093,0.3407362699508667,0.4614985782653093,0.3407362699508667,0.8206310316696523,0.8409004615719816,0.0009078013618725584,no
4,7680,5,0.42233288325369356,0.36090078949928284,0.42233288325369356,0.36090078949928284,0.8241870077932296,0.8313665113443209,0.0009022333102239532,no
4,7760,5,0.47654531374573705,0.36798277497291565,0.47654531374573705,0.36798277497291565,0.7586313468009214,0.8242469837886068,0.0008965203643981219,no
4,7840,5,0.4113293197005987,0.395314484834671,0.4113293197005987,0.395314484834671,0.799506771428832,0.8258416791000724,0.0008906646082399074,no
4,7920,5,0.5388451851904392,0.39355960488319397,0.5388451851904392,0.39355960488319397,0.7318953158443803,0.8309050639040637,0.0008846681776854184,no
4,8000,5,0.5195072431117296,0.3259849548339844,0.5195072431117296,0.3259849548339844,0.8348611971165398,0.8389157700391837,0.0008785332599829269,no
4,8080,5,0.5243238404393196,0.37253305315971375,0.5243238404393196,0.37253305315971375,0.6863869702912371,0.8228974164079204,0.0008722620928950521,no
4,8160,5,0.5020602133125067,0.32027655839920044,0.5020602133125067,0.32027655839920044,0.8160577216650631,0.8456385418693708,0.0008658569638825181,no
4,8240,5,0.44127633012831213,0.34465527534484863,0.44127633012831213,0.34465527534484863,0.8502198182803575,0.8309202464292192,0.0008593202092697826,no
4,8320,5,0.4666771773248911,0.3850972056388855,0.4666771773248911,0.3850972056388855,0.8321230934102801,0.8237263322600147,0.0008526542133928452,no
4,8400,5,0.45529492422938345,0.33146461844444275,0.45529492422938345,0.33146461844444275,0.7720736369997437,0.8412153572860339,0.0008458614077295373,no
4,8480,5,0.46270227916538714,0.3650352954864502,0.46270227916538714,0.3650352954864502,0.8112818863770146,0.8363038405748537,0.0008389442700126236,no
4,8560,5,0.42223387137055396,0.37629467248916626,0.42223387137055396,0.37629467248916626,0.7264956251402291,0.8371093050910416,0.000831905323326024,no
4,8640,5,0.39960426092147827,0.30507025122642517,0.39960426092147827,0.30507025122642517,0.8086653668175154,0.8499038854201129,0.0008247471351845043,no
4,8720,5,0.4833738826215267,0.4188929796218872,0.4833738826215267,0.4188929796218872,0.7723661720619812,0.815534012554489,0.0008174723165971464,no
4,8800,5,0.42300328984856606,0.3360792398452759,0.42300328984856606,0.3360792398452759,0.8070160060608528,0.8287415976634733,0.0008100835211149669,no
4,8880,5,0.4015712782740593,0.3474186062812805,0.4015712782740593,0.3474186062812805,0.8369497955108745,0.8298397434165989,0.0008025834438630071,no
4,8960,5,0.3671695806086063,0.3438173234462738,0.3671695806086063,0.3438173234462738,0.8120613587378658,0.8317260915856604,0.0007949748205572692,no
4,9040,5,0.4635776039212942,0.30161479115486145,0.4635776039212942,0.30161479115486145,0.8372464773834004,0.8564677785285859,0.0007872604265068337,no
4,9120,5,0.42145713306963445,0.3036552667617798,0.42145713306963445,0.3036552667617798,0.8441712054324951,0.8463479623448174,0.0007794430756015489,no
4,9200,5,0.49903065264225005,0.3269968628883362,0.49903065264225005,0.3269968628883362,0.7999736635352603,0.8501838565707025,0.0007715256192856374,no
4,9280,5,0.45032723993062973,0.29121309518814087,0.45032723993062973,0.29121309518814087,0.8402855414482141,0.8660646071066705,0.0007635109455176082,no
4,9360,5,0.338711715862155,0.31022173166275024,0.338711715862155,0.31022173166275024,0.835106548368497,0.860886950966355,0.0007554019777168517,no
5,9440,2,0.37964111007750034,0.3290783166885376,0.37964111007750034,0.3290783166885376,0.8330372633011833,0.8561786082107998,0.0007472016736972953,no
5,9520,5,0.4696871727705002,0.3392693102359772,0.4696871727705002,0.3392693102359772,0.8148690427962153,0.8427999642025592,0.000738913024588519,no
5,9600,5,0.4095343589782715,0.34059518575668335,0.4095343589782715,0.34059518575668335,0.7948992281767453,0.8390382455784322,0.0007305390537447123,no
5,9680,5,0.460785249248147,0.3421325385570526,0.460785249248147,0.3421325385570526,0.8794780558990283,0.8439152590212102,0.0007220828156418826,no
5,9760,5,0.43230503983795643,0.33102330565452576,0.43230503983795643,0.33102330565452576,0.8218054695401247,0.8533102728706887,0.0007135473947637097,no
5,9840,5,0.5755494866520167,0.3169553577899933,0.5755494866520167,0.3169553577899933,0.808254814514604,0.8466998378770416,0.0007049359044764535,no
5,9920,5,0.4571884024888277,0.3164575397968292,0.4571884024888277,0.3164575397968292,0.8393748735335964,0.8411950201526728,0.0006962514858933282,no
5,10000,5,0.5609199196100235,0.3336702287197113,0.5609199196100235,0.3336702287197113,0.8177937472884913,0.8416169106687561,0.0006874973067287546,no
5,10080,5,0.3894560392946005,0.3116210401058197,0.3894560392946005,0.3116210401058197,0.8183098869512081,0.8464502611616762,0.0006786765601429112,no
5,10160,5,0.44168409556150434,0.3519549071788788,0.44168409556150434,0.3519549071788788,0.8702160222194766,0.8400866210430856,0.0006697924635769988,no
5,10240,5,0.4780624955892563,0.3505580425262451,0.4780624955892563,0.3505580425262451,0.7935749387058455,0.8435909726653674,0.0006608482575796558,no
5,10320,5,0.47955615594983103,0.3394396901130676,0.47955615594983103,0.3394396901130676,0.8420074859035438,0.8393695299701271,0.0006518472046249371,no
5,10400,5,0.37833235077559946,0.3878155052661896,0.37833235077559946,0.3878155052661896,0.8243140185875542,0.8235798332714404,0.0006427925879223044,no
5,10480,5,0.4566597793251276,0.30293095111846924,0.4566597793251276,0.30293095111846924,0.8406288604670596,0.8496557574745921,0.0006336877102190437,no
5,10560,5,0.38977600298821924,0.393458753824234,0.38977600298821924,0.393458753824234,0.8205110076190347,0.8272666868745285,0.000624535892595561,no
5,10640,5,0.44532828219234943,0.30559730529785156,0.44532828219234943,0.30559730529785156,0.8571295849924012,0.8512964507788991,0.0006153404732539926,no
5,10720,5,0.40126454681158064,0.3313175439834595,0.40126454681158064,0.3313175439834595,0.8260085457319806,0.8430267361823671,0.0006061048063005668,no
5,10800,5,0.3615016367286444,0.31480303406715393,0.3615016367286444,0.31480303406715393,0.8463014147655441,0.8488709254018795,0.0005968322605221652,no
5,10880,5,0.4273962374776602,0.2828744649887085,0.4273962374776602,0.2828744649887085,0.830277505261981,0.8633420550016183,0.0005875262181575282,no
5,10960,5,0.41540778912603854,0.3328031301498413,0.41540778912603854,0.3328031301498413,0.7690730661498417,0.8355389470869947,0.0005781900736635592,no
5,11040,5,0.4769316766411066,0.30772727727890015,0.4769316766411066,0.30772727727890015,0.8035747780251414,0.8618707640532974,0.0005688272324771638,no
5,11120,5,0.44558725133538246,0.32832229137420654,0.44558725133538246,0.32832229137420654,0.7861675686023855,0.8616617835999019,0.0005594411097730897,no
5,11200,5,0.3685797568410635,0.28305351734161377,0.3685797568410635,0.28305351734161377,0.8699889517676425,0.8559059649386314,0.0005500351292182138,no
5,11280,5,0.3730028120800853,0.2934124171733856,0.3730028120800853,0.2934124171733856,0.8252376993400615,0.8671490012374715,0.0005406127217227308,no
6,11360,5,0.4399448294192553,0.3135780692100525,0.4399448294192553,0.3135780692100525,0.8370170679333004,0.8573095764233127,0.0005311773241886985,no
6,11440,5,0.3993438523262739,0.3281877636909485,0.3993438523262739,0.3281877636909485,0.8400113544947355,0.8404504149297708,0.0005217323782564006,no
6,11520,5,0.45067450813949106,0.34517163038253784,0.45067450813949106,0.34517163038253784,0.7618218771225068,0.8399914594758532,0.0005122813290489792,no
6,11600,5,0.39080511331558226,0.36332544684410095,0.39080511331558226,0.36332544684410095,0.8085793299850939,0.8391848776194757,0.0005028276239157976,no
6,11680,5,0.5130216788500548,0.347608745098114,0.5130216788500548,0.347608745098114,0.73727210571146,0.8447776039958056,0.0004933747111749867,no
6,11760,5,0.49161011874675753,0.3040577173233032,0.49161011874675753,0.3040577173233032,0.8499719420096996,0.8482856787701584,0.00048392603885565234,no
6,11840,5,0.49804853796958926,0.37469738721847534,0.49804853796958926,0.37469738721847534,0.6926348086777219,0.8202840703918318,0.0004744850534401667,no
6,11920,5,0.47957102954387665,0.30421388149261475,0.47957102954387665,0.30421388149261475,0.8235595924659806,0.8543071285114885,0.0004650551986070395,no
6,12000,5,0.4201143503189087,0.3147321343421936,0.4201143503189087,0.3147321343421936,0.8577401838149785,0.8500655526615528,0.0004556399139748075,no
6,12080,5,0.4400524113327265,0.3481155037879944,0.4400524113327265,0.3481155037879944,0.8515241029405991,0.8454124594111735,0.0004462426338474048,no
6,12160,5,0.4316153168678284,0.31751734018325806,0.4316153168678284,0.31751734018325806,0.7844059123937543,0.8502702363234966,0.0004368667859614725,no
6,12240,5,0.4394728124141693,0.3333532214164734,0.4394728124141693,0.3333532214164734,0.8136363749798432,0.8493242528213836,0.0004275157902360607,no
6,12320,5,0.4010137628763914,0.36162614822387695,0.4010137628763914,0.36162614822387695,0.7277841616491345,0.8370124844274305,0.0004181930575251874,no
6,12400,5,0.3775065027177334,0.28636467456817627,0.3775065027177334,0.28636467456817627,0.8281887264350221,0.8604835028455178,0.0004089019883736972,no
6,12480,5,0.4596350837498903,0.38672295212745667,0.4596350837498903,0.38672295212745667,0.7950845337461467,0.8282751325436335,0.0003996459717768877,no
6,12560,5,0.4013395566493273,0.3035885989665985,0.4013395566493273,0.3035885989665985,0.8168320354350326,0.8479906138976474,0.00039042838394434285,no
6,12640,5,0.38285237848758696,0.3314695954322815,0.38285237848758696,0.3314695954322815,0.8535928590360805,0.8447760494628478,0.0003812525870684344,no
6,12720,5,0.348885253071785,0.31761282682418823,0.348885253071785,0.31761282682418823,0.8218501914745565,0.8481340406830103,0.00037212192809793064,no
6,12800,5,0.4454702571034431,0.2842053174972534,0.4454702571034431,0.2842053174972534,0.8508353551206089,0.8717939832901564,0.0003630397375171718,no
6,12880,5,0.4031111285090446,0.2846119701862335,0.4031111285090446,0.2846119701862335,0.8546119643912615,0.8612061443068513,0.0003540093281312471,no
6,12960,5,0.4766720961779356,0.29118138551712036,0.4766720961779356,0.29118138551712036,0.8094528015086755,0.8665791034717822,0.0003450339938576204,no
6,13040,5,0.4287986844778061,0.2758459448814392,0.4287986844778061,0.2758459448814392,0.8554577138285608,0.8760606607079684,0.0003361170085246478,no
6,13120,5,0.32103699631989,0.29331153631210327,0.32103699631989,0.29331153631210327,0.8416993157516169,0.8645875878841699,0.0003272616246774203,no
